
There are no discarded input sections

Memory Configuration

Name             Origin             Length             Attributes
vexriscv_debug   0xf00f0000         0x00000100
dff              0x00000000         0x00000400
dff2             0x00000400         0x00000200
flash            0x10000000         0x01000000
mprj             0x30000000         0x00100000
mprjram          0x38000000         0x00400000
hk               0x26000000         0x00100000
csr              0xf0000000         0x00010000
*default*        0x00000000         0xffffffff

Linker script and memory map

                0x00000000                        __DYNAMIC = 0x0

.text           0x10000000      0x6cc
                0x10000000                        _ftext = .
 *crt0*(.text)
 .text          0x10000000      0x144 counter_la_fir.elf-crt0_vex.o
                0x10000000                _start
                0x10000020                trap_entry
 *crt0*(.text)
 *(.text.isr)
                0x10000144                        _etext = .
 .text          0x10000144       0xcc counter_la_fir.elf-isr.o
                0x100001bc                isr
 .text          0x10000210       0x48 counter_la_fir.elf-fir.o
 .text          0x10000258      0x474 counter_la_fir.elf-counter_la_fir.o
                0x100002a0                putchar
                0x10000308                print
                0x1000035c                main

.rela.dyn       0x100006cc        0x0
 .rela.text     0x100006cc        0x0 counter_la_fir.elf-crt0_vex.o

.rodata         0x100006cc        0x4
                0x100006d0                        . = ALIGN (0x8)
 *fill*         0x100006cc        0x4 
                0x100006d0                        _frodata = .
 *(.rodata .rodata.* .gnu.linkonce.r.*)
 *(.rodata1)
                0x100006d0                        . = ALIGN (0x8)
                0x100006d0                        _erodata = .

.data           0x00000000       0x30 load address 0x100006d0
                0x00000000                        . = ALIGN (0x8)
                0x00000000                        _fdata = .
 *(.data .data.* .gnu.linkonce.d.*)
 .data          0x00000000        0x0 counter_la_fir.elf-crt0_vex.o
 .data          0x00000000        0x0 counter_la_fir.elf-isr.o
 .data          0x00000000       0x2c counter_la_fir.elf-fir.o
                0x00000000                taps
 .data          0x0000002c        0x0 counter_la_fir.elf-counter_la_fir.o
 *(.data1)
                0x00000030                        _gp = ALIGN (0x10)
 *(.sdata .sdata.* .gnu.linkonce.s.*)
                0x00000030                        . = ALIGN (0x8)
 *fill*         0x0000002c        0x4 
                0x00000030                        _edata = .

.bss            0x00000030       0x30 load address 0x10000700
                0x00000030                        . = ALIGN (0x8)
                0x00000030                        _fbss = .
 *(.dynsbss)
 *(.sbss .sbss.* .gnu.linkonce.sb.*)
 .sbss          0x00000030        0x2 counter_la_fir.elf-isr.o
                0x00000030                flag
 *(.scommon)
 *(.dynbss)
 *(.bss .bss.* .gnu.linkonce.b.*)
 .bss           0x00000032        0x0 counter_la_fir.elf-crt0_vex.o
 .bss           0x00000032        0x0 counter_la_fir.elf-isr.o
 *fill*         0x00000032        0x2 
 .bss           0x00000034       0x2c counter_la_fir.elf-fir.o
                0x00000034                outputsignal
 .bss           0x00000060        0x0 counter_la_fir.elf-counter_la_fir.o
 *(COMMON)
                0x00000060                        . = ALIGN (0x8)
                0x00000060                        _ebss = .
                0x00000060                        _end = .

.mprjram        0x38000000      0x158 load address 0x10000700
                0x38000000                        . = ALIGN (0x8)
                0x38000000                        _fsram = .
 *libgcc.a:*(.text .text.*)
 .mprjram       0x38000000      0x158 counter_la_fir.elf-fir.o
                0x38000000                initfir
                0x38000098                fir
                0x00000600                        PROVIDE (_fstack = (ORIGIN (dff2) + LENGTH (dff2)))
                0x100006d0                        PROVIDE (_fdata_rom = LOADADDR (.data))
                [!provide]                        PROVIDE (_edata_rom = (LOADADDR (.data) + SIZEOF (.data)))
                0x38000158                        PROVIDE (_esram = (ORIGIN (mprjram) + SIZEOF (.mprjram)))
                0x10000700                        PROVIDE (_esram_rom = LOADADDR (.mprjram))
LOAD counter_la_fir.elf-crt0_vex.o
LOAD counter_la_fir.elf-isr.o
LOAD counter_la_fir.elf-fir.o
LOAD counter_la_fir.elf-counter_la_fir.o
LOAD /opt/homebrew/Cellar/riscv-gnu-toolchain/main/lib/gcc/riscv64-unknown-elf/14.2.0/rv32i/ilp32/libgcc.a
START GROUP
LOAD /opt/homebrew/Cellar/riscv-gnu-toolchain/main/lib/gcc/riscv64-unknown-elf/14.2.0/../../../../riscv64-unknown-elf/lib/rv32i/ilp32/libc.a
LOAD /opt/homebrew/Cellar/riscv-gnu-toolchain/main/lib/gcc/riscv64-unknown-elf/14.2.0/../../../../riscv64-unknown-elf/lib/rv32i/ilp32/libgloss.a
END GROUP
LOAD /opt/homebrew/Cellar/riscv-gnu-toolchain/main/lib/gcc/riscv64-unknown-elf/14.2.0/rv32i/ilp32/libgcc.a
OUTPUT(counter_la_fir.elf elf32-littleriscv)

.riscv.attributes
                0x00000000       0x29
 .riscv.attributes
                0x00000000       0x27 counter_la_fir.elf-crt0_vex.o
 .riscv.attributes
                0x00000027       0x29 counter_la_fir.elf-isr.o
 .riscv.attributes
                0x00000050       0x25 counter_la_fir.elf-fir.o
 .riscv.attributes
                0x00000075       0x25 counter_la_fir.elf-counter_la_fir.o

.comment        0x00000000       0x19
 .comment       0x00000000       0x19 counter_la_fir.elf-isr.o
                                 0x1a (size before relaxing)
 .comment       0x00000019       0x1a counter_la_fir.elf-fir.o
 .comment       0x00000019       0x1a counter_la_fir.elf-counter_la_fir.o

.note.GNU-stack
                0x00000000        0x0
 .note.GNU-stack
                0x00000000        0x0 counter_la_fir.elf-isr.o
 .note.GNU-stack
                0x00000000        0x0 counter_la_fir.elf-fir.o
 .note.GNU-stack
                0x00000000        0x0 counter_la_fir.elf-counter_la_fir.o

.debug_line     0x00000000      0x877
 .debug_line    0x00000000      0x204 counter_la_fir.elf-crt0_vex.o
 .debug_line    0x00000204       0xd1 counter_la_fir.elf-isr.o
 .debug_line    0x000002d5      0x1ab counter_la_fir.elf-fir.o
 .debug_line    0x00000480      0x3f7 counter_la_fir.elf-counter_la_fir.o

.debug_line_str
                0x00000000      0x113
 .debug_line_str
                0x00000000      0x113 counter_la_fir.elf-crt0_vex.o
                                 0x67 (size before relaxing)
 .debug_line_str
                0x00000113      0x143 counter_la_fir.elf-isr.o
 .debug_line_str
                0x00000113      0x130 counter_la_fir.elf-fir.o
 .debug_line_str
                0x00000113      0x152 counter_la_fir.elf-counter_la_fir.o

.debug_info     0x00000000      0x372
 .debug_info    0x00000000       0x25 counter_la_fir.elf-crt0_vex.o
 .debug_info    0x00000025       0xed counter_la_fir.elf-isr.o
 .debug_info    0x00000112      0x12d counter_la_fir.elf-fir.o
 .debug_info    0x0000023f      0x133 counter_la_fir.elf-counter_la_fir.o

.debug_abbrev   0x00000000      0x273
 .debug_abbrev  0x00000000       0x14 counter_la_fir.elf-crt0_vex.o
 .debug_abbrev  0x00000014       0xa9 counter_la_fir.elf-isr.o
 .debug_abbrev  0x000000bd       0xd1 counter_la_fir.elf-fir.o
 .debug_abbrev  0x0000018e       0xe5 counter_la_fir.elf-counter_la_fir.o

.debug_aranges  0x00000000       0x90
 .debug_aranges
                0x00000000       0x20 counter_la_fir.elf-crt0_vex.o
 .debug_aranges
                0x00000020       0x20 counter_la_fir.elf-isr.o
 .debug_aranges
                0x00000040       0x30 counter_la_fir.elf-fir.o
 .debug_aranges
                0x00000070       0x20 counter_la_fir.elf-counter_la_fir.o

.debug_str      0x00000000      0x199
 .debug_str     0x00000000      0x199 counter_la_fir.elf-crt0_vex.o
                                 0x75 (size before relaxing)
 .debug_str     0x00000199      0x130 counter_la_fir.elf-isr.o
 .debug_str     0x00000199      0x12b counter_la_fir.elf-fir.o
 .debug_str     0x00000199      0x129 counter_la_fir.elf-counter_la_fir.o

.debug_frame    0x00000000      0x238
 .debug_frame   0x00000000       0xb0 counter_la_fir.elf-isr.o
 .debug_frame   0x000000b0       0xb0 counter_la_fir.elf-fir.o
 .debug_frame   0x00000160       0xd8 counter_la_fir.elf-counter_la_fir.o

.debug_rnglists
                0x00000000       0x21
 .debug_rnglists
                0x00000000       0x21 counter_la_fir.elf-fir.o
