Archive member included to satisfy reference by file (symbol)

/opt/homebrew/Cellar/riscv-gnu-toolchain/main/lib/gcc/riscv64-unknown-elf/14.2.0/rv32i/ilp32/libgcc.a(muldi3.o)
                              counter_la_fir.elf-fir.o (__mulsi3)

There are no discarded input sections

Memory Configuration

Name             Origin             Length             Attributes
vexriscv_debug   0xf00f0000         0x00000100
dff              0x00000000         0x00000400
dff2             0x00000400         0x00000200
flash            0x10000000         0x01000000
mprj             0x30000000         0x00100000
mprjram          0x38000000         0x00400000
hk               0x26000000         0x00100000
csr              0xf0000000         0x00010000
*default*        0x00000000         0xffffffff

Linker script and memory map

                0x00000000                        __DYNAMIC = 0x0

.text           0x10000000      0x800
                0x10000000                        _ftext = .
 *crt0*(.text)
 .text          0x10000000      0x144 counter_la_fir.elf-crt0_vex.o
                0x10000000                _start
                0x10000020                trap_entry
 *crt0*(.text)
 *(.text.isr)
                0x10000144                        _etext = .
 .text          0x10000144       0xcc counter_la_fir.elf-isr.o
                0x100001bc                isr
 .text          0x10000210        0x0 counter_la_fir.elf-fir.o
 .text          0x10000210      0x5f0 counter_la_fir.elf-counter_la_fir.o
                0x10000258                putchar
                0x100002c0                print
                0x10000314                main

.rodata         0x10000800        0x0
                0x10000800                        . = ALIGN (0x8)
 *fill*         0x10000800        0x0 
                0x10000800                        _frodata = .
 *(.rodata .rodata.* .gnu.linkonce.r.*)
 *(.rodata1)
                0x10000800                        . = ALIGN (0x8)
                0x10000800                        _erodata = .

.data           0x00000000       0x58 load address 0x10000800
                0x00000000                        . = ALIGN (0x8)
                0x00000000                        _fdata = .
 *(.data .data.* .gnu.linkonce.d.*)
 .data          0x00000000        0x0 counter_la_fir.elf-crt0_vex.o
 .data          0x00000000        0x0 counter_la_fir.elf-isr.o
 .data          0x00000000       0x58 counter_la_fir.elf-fir.o
                0x00000000                taps
                0x0000002c                inputsignal
 .data          0x00000058        0x0 counter_la_fir.elf-counter_la_fir.o
 .data          0x00000058        0x0 /opt/homebrew/Cellar/riscv-gnu-toolchain/main/lib/gcc/riscv64-unknown-elf/14.2.0/rv32i/ilp32/libgcc.a(muldi3.o)
 *(.data1)
                0x00000060                        _gp = ALIGN (0x10)
 *(.sdata .sdata.* .gnu.linkonce.s.*)
                0x00000058                        . = ALIGN (0x8)
                0x00000058                        _edata = .

.bss            0x00000058       0x60 load address 0x10000858
                0x00000058                        . = ALIGN (0x8)
                0x00000058                        _fbss = .
 *(.dynsbss)
 *(.sbss .sbss.* .gnu.linkonce.sb.*)
 .sbss          0x00000058        0x2 counter_la_fir.elf-isr.o
                0x00000058                flag
 *(.scommon)
 *(.dynbss)
 *(.bss .bss.* .gnu.linkonce.b.*)
 .bss           0x0000005a        0x0 counter_la_fir.elf-crt0_vex.o
 .bss           0x0000005a        0x0 counter_la_fir.elf-isr.o
 *fill*         0x0000005a        0x2 
 .bss           0x0000005c       0x58 counter_la_fir.elf-fir.o
                0x0000005c                inputbuffer
                0x00000088                outputsignal
 .bss           0x000000b4        0x0 counter_la_fir.elf-counter_la_fir.o
 .bss           0x000000b4        0x0 /opt/homebrew/Cellar/riscv-gnu-toolchain/main/lib/gcc/riscv64-unknown-elf/14.2.0/rv32i/ilp32/libgcc.a(muldi3.o)
 *(COMMON)
                0x000000b8                        . = ALIGN (0x8)
 *fill*         0x000000b4        0x4 
                0x000000b8                        _ebss = .
                0x000000b8                        _end = .

.mprjram        0x38000000      0x194 load address 0x10000858
                0x38000000                        . = ALIGN (0x8)
                0x38000000                        _fsram = .
 *libgcc.a:*(.text .text.*)
 .text          0x38000000       0x24 /opt/homebrew/Cellar/riscv-gnu-toolchain/main/lib/gcc/riscv64-unknown-elf/14.2.0/rv32i/ilp32/libgcc.a(muldi3.o)
                0x38000000                __mulsi3
 .mprjram       0x38000024      0x170 counter_la_fir.elf-fir.o
                0x38000024                initfir
                0x38000094                fir
                0x00000600                        PROVIDE (_fstack = (ORIGIN (dff2) + LENGTH (dff2)))
                0x10000800                        PROVIDE (_fdata_rom = LOADADDR (.data))
                [!provide]                        PROVIDE (_edata_rom = (LOADADDR (.data) + SIZEOF (.data)))
                0x38000194                        PROVIDE (_esram = (ORIGIN (mprjram) + SIZEOF (.mprjram)))
                0x10000858                        PROVIDE (_esram_rom = LOADADDR (.mprjram))
LOAD counter_la_fir.elf-crt0_vex.o
LOAD counter_la_fir.elf-isr.o
LOAD counter_la_fir.elf-fir.o
LOAD counter_la_fir.elf-counter_la_fir.o
LOAD /opt/homebrew/Cellar/riscv-gnu-toolchain/main/lib/gcc/riscv64-unknown-elf/14.2.0/rv32i/ilp32/libgcc.a
START GROUP
LOAD /opt/homebrew/Cellar/riscv-gnu-toolchain/main/lib/gcc/riscv64-unknown-elf/14.2.0/../../../../riscv64-unknown-elf/lib/rv32i/ilp32/libc.a
LOAD /opt/homebrew/Cellar/riscv-gnu-toolchain/main/lib/gcc/riscv64-unknown-elf/14.2.0/../../../../riscv64-unknown-elf/lib/rv32i/ilp32/libgloss.a
END GROUP
LOAD /opt/homebrew/Cellar/riscv-gnu-toolchain/main/lib/gcc/riscv64-unknown-elf/14.2.0/rv32i/ilp32/libgcc.a
OUTPUT(counter_la_fir.elf elf32-littleriscv)

.rela.dyn       0x38000194        0x0 load address 0x100009ec
 .rela.text     0x38000194        0x0 counter_la_fir.elf-crt0_vex.o

.riscv.attributes
                0x00000000       0x29
 .riscv.attributes
                0x00000000       0x27 counter_la_fir.elf-crt0_vex.o
 .riscv.attributes
                0x00000027       0x29 counter_la_fir.elf-isr.o
 .riscv.attributes
                0x00000050       0x25 counter_la_fir.elf-fir.o
 .riscv.attributes
                0x00000075       0x25 counter_la_fir.elf-counter_la_fir.o
 .riscv.attributes
                0x0000009a       0x1a /opt/homebrew/Cellar/riscv-gnu-toolchain/main/lib/gcc/riscv64-unknown-elf/14.2.0/rv32i/ilp32/libgcc.a(muldi3.o)

.comment        0x00000000       0x19
 .comment       0x00000000       0x19 counter_la_fir.elf-isr.o
                                 0x1a (size before relaxing)
 .comment       0x00000019       0x1a counter_la_fir.elf-fir.o
 .comment       0x00000019       0x1a counter_la_fir.elf-counter_la_fir.o

.note.GNU-stack
                0x00000000        0x0
 .note.GNU-stack
                0x00000000        0x0 counter_la_fir.elf-isr.o
 .note.GNU-stack
                0x00000000        0x0 counter_la_fir.elf-fir.o
 .note.GNU-stack
                0x00000000        0x0 counter_la_fir.elf-counter_la_fir.o

.debug_line     0x00000000      0xab1
 .debug_line    0x00000000      0x204 counter_la_fir.elf-crt0_vex.o
 .debug_line    0x00000204       0xd1 counter_la_fir.elf-isr.o
 .debug_line    0x000002d5      0x143 counter_la_fir.elf-fir.o
 .debug_line    0x00000418      0x61f counter_la_fir.elf-counter_la_fir.o
 .debug_line    0x00000a37       0x7a /opt/homebrew/Cellar/riscv-gnu-toolchain/main/lib/gcc/riscv64-unknown-elf/14.2.0/rv32i/ilp32/libgcc.a(muldi3.o)

.debug_line_str
                0x00000000      0x1ba
 .debug_line_str
                0x00000000      0x1ba counter_la_fir.elf-crt0_vex.o
                                 0x66 (size before relaxing)
 .debug_line_str
                0x000001ba      0x141 counter_la_fir.elf-isr.o
 .debug_line_str
                0x000001ba       0xb0 counter_la_fir.elf-fir.o
 .debug_line_str
                0x000001ba      0x150 counter_la_fir.elf-counter_la_fir.o
 .debug_line_str
                0x000001ba       0xa8 /opt/homebrew/Cellar/riscv-gnu-toolchain/main/lib/gcc/riscv64-unknown-elf/14.2.0/rv32i/ilp32/libgcc.a(muldi3.o)

.debug_info     0x00000000      0x38a
 .debug_info    0x00000000       0x25 counter_la_fir.elf-crt0_vex.o
 .debug_info    0x00000025       0xed counter_la_fir.elf-isr.o
 .debug_info    0x00000112      0x114 counter_la_fir.elf-fir.o
 .debug_info    0x00000226      0x133 counter_la_fir.elf-counter_la_fir.o
 .debug_info    0x00000359       0x31 /opt/homebrew/Cellar/riscv-gnu-toolchain/main/lib/gcc/riscv64-unknown-elf/14.2.0/rv32i/ilp32/libgcc.a(muldi3.o)

.debug_abbrev   0x00000000      0x282
 .debug_abbrev  0x00000000       0x14 counter_la_fir.elf-crt0_vex.o
 .debug_abbrev  0x00000014       0xa9 counter_la_fir.elf-isr.o
 .debug_abbrev  0x000000bd       0xb8 counter_la_fir.elf-fir.o
 .debug_abbrev  0x00000175       0xe5 counter_la_fir.elf-counter_la_fir.o
 .debug_abbrev  0x0000025a       0x28 /opt/homebrew/Cellar/riscv-gnu-toolchain/main/lib/gcc/riscv64-unknown-elf/14.2.0/rv32i/ilp32/libgcc.a(muldi3.o)

.debug_aranges  0x00000000       0xa8
 .debug_aranges
                0x00000000       0x20 counter_la_fir.elf-crt0_vex.o
 .debug_aranges
                0x00000020       0x20 counter_la_fir.elf-isr.o
 .debug_aranges
                0x00000040       0x28 counter_la_fir.elf-fir.o
 .debug_aranges
                0x00000068       0x20 counter_la_fir.elf-counter_la_fir.o
 .debug_aranges
                0x00000088       0x20 /opt/homebrew/Cellar/riscv-gnu-toolchain/main/lib/gcc/riscv64-unknown-elf/14.2.0/rv32i/ilp32/libgcc.a(muldi3.o)

.debug_str      0x00000000      0x26c
 .debug_str     0x00000000      0x26c counter_la_fir.elf-crt0_vex.o
                                 0x74 (size before relaxing)
 .debug_str     0x0000026c      0x130 counter_la_fir.elf-isr.o
 .debug_str     0x0000026c       0xac counter_la_fir.elf-fir.o
 .debug_str     0x0000026c      0x129 counter_la_fir.elf-counter_la_fir.o
 .debug_str     0x0000026c       0xbf /opt/homebrew/Cellar/riscv-gnu-toolchain/main/lib/gcc/riscv64-unknown-elf/14.2.0/rv32i/ilp32/libgcc.a(muldi3.o)

.debug_frame    0x00000000      0x1e8
 .debug_frame   0x00000000       0xb0 counter_la_fir.elf-isr.o
 .debug_frame   0x000000b0       0x60 counter_la_fir.elf-fir.o
 .debug_frame   0x00000110       0xd8 counter_la_fir.elf-counter_la_fir.o

.debug_rnglists
                0x00000000       0x1a
 .debug_rnglists
                0x00000000       0x1a counter_la_fir.elf-fir.o
